.text
00000000	22308000	addi	$s0,$s1,-32768
00000004	22517FFF	addi	$s1,$s2,32767
