.text
00000000	3A309C40	xori	$s0,$s1,40000
00000004	3230FFFE	andi	$s0,$s1,65534
00000008	3651C350	ori	$s1,$s2,50000
