.text
00000000	3C10FFF6	lui	$s0,-10
00000004	3C107530	lui	$s0,30000
00000008	3C11AFC8	lui	$s1,45000
