.text
00000000	03E00022	sub	$zero,$ra,$zero
00000004	00430820	add	$at,$v0,$v1
00000008	0064102A	slt	$v0,$v1,$a0
0000000c	010F382B	sltu	$a3,$t0,$t7
00000010	02F88025	or	$s0,$s7,$t8
00000014	035BC826	xor	$t9,$k0,$k1
00000018	03BEE024	and	$gp,$sp,$fp
